.\gradlew.bat : WARNING: A restricted method in java.lang.System has been called
In Zeile:1 Zeichen:58
+ ... -Tracker' ; .\gradlew.bat :app:compileDebugKotlin --no-daemon --conso ...
+                 ~~~~~~~~~~~~~~~~~~~~~~~~~~~~~~~~~~~~~~~~~~~~~~~~~~~~~~~~~
    + CategoryInfo          : NotSpecified: (WARNING: A rest...has been called:String) [], RemoteException
    + FullyQualifiedErrorId : NativeCommandError
 
WARNING: java.lang.System::load has been called by net.rubygrapefruit.platform.internal.NativeLibraryLoader in an unnamed module 
(file:/C:/Users/czenk/.gradle/wrapper/dists/gradle-8.10.2-all/7iv73wktx1xtkvlq19urqw1wm/gradle-8.10.2/lib/native-platform-0.22-milestone-26.jar)
WARNING: Use --enable-native-access=ALL-UNNAMED to avoid a warning for callers in this module
WARNING: Restricted methods will be blocked in a future release unless native access is enabled

To honour the JVM settings for this build a single-use Daemon process will be forked. For more on this, please refer to https://docs.gradle.org/8.10.2/userguide/gradle_daemon.html#sec:disabling_the_daemon in the Gradle documentation.
Daemon will be stopped at the end of the build 
> Task :app:checkKotlinGradlePluginConfigurationErrors SKIPPED
> Task :app:preBuild UP-TO-DATE
> Task :app:preDebugBuild UP-TO-DATE
> Task :app:generateDebugBuildConfig UP-TO-DATE
> Task :app:checkDebugAarMetadata UP-TO-DATE
> Task :app:generateDebugResValues UP-TO-DATE
> Task :app:mapDebugSourceSetPaths UP-TO-DATE
> Task :app:generateDebugResources UP-TO-DATE
> Task :app:mergeDebugResources UP-TO-DATE
> Task :app:packageDebugResources UP-TO-DATE
> Task :app:parseDebugLocalResources UP-TO-DATE
> Task :app:createDebugCompatibleScreenManifests UP-TO-DATE
> Task :app:extractDeepLinksDebug UP-TO-DATE
> Task :app:processDebugMainManifest
> Task :app:processDebugManifest
> Task :app:processDebugManifestForPackage
> Task :app:processDebugResources

> Task :app:compileDebugKotlin FAILED
e: file:///C:/Users/czenk/Desktop/App-Grow-Tracker/app/src/main/java/com/growtracker/app/ui/drying/DryingScreen.kt:23:40 Unresolved reference 
'autoMirrored'.
e: file:///C:/Users/czenk/Desktop/App-Grow-Tracker/app/src/main/java/com/growtracker/app/ui/drying/DryingScreen.kt:71:70 Unresolved reference. 
None of the following candidates is applicable because of a receiver type mismatch:
val Icons.Filled.ArrowBack: ImageVector
e: file:///C:/Users/czenk/Desktop/App-Grow-Tracker/app/src/main/java/com/growtracker/app/ui/fermentation/FermentationDetailScreen.kt:17:40 
Unresolved reference 'autoMirrored'.
e: file:///C:/Users/czenk/Desktop/App-Grow-Tracker/app/src/main/java/com/growtracker/app/ui/fermentation/FermentationDetailScreen.kt:84:77 
Unresolved reference. None of the following candidates is applicable because of a receiver type mismatch:
val Icons.Filled.ArrowBack: ImageVector
e: file:///C:/Users/czenk/Desktop/App-Grow-Tracker/app/src/main/java/com/growtracker/app/ui/fermentation/FermentationDetailScreen.kt:167:73 
Unresolved reference. None of the following candidates is applicable because of a receiver type mismatch:
val Icons.Filled.EventNote: ImageVector
e: file:///C:/Users/czenk/Desktop/App-Grow-Tracker/app/src/main/java/com/growtracker/app/ui/fermentation/FermentationDetailScreen.kt:369:70 
Unresolved reference. None of the following candidates is applicable because of a receiver type mismatch:
val Icons.Filled.ArrowBack: ImageVector
e: file:///C:/Users/czenk/Desktop/App-Grow-Tracker/app/src/main/java/com/growtracker/app/ui/fermentation/FermentationDetailScreen.kt:384:70 
Unresolved reference. None of the following candidates is applicable because of a receiver type mismatch:
val Icons.Filled.ArrowForward: ImageVector
e: file:///C:/Users/czenk/Desktop/App-Grow-Tracker/app/src/main/java/com/growtracker/app/ui/fermentation/FermentationDetailScreen.kt:536:85 
Unresolved reference. None of the following candidates is applicable because of a receiver type mismatch:
val Icons.Filled.Note: ImageVector
e: file:///C:/Users/czenk/Desktop/App-Grow-Tracker/app/src/main/java/com/growtracker/app/ui/fermentation/FermentationDetailScreen.kt:540:63 
Unresolved reference. None of the following candidates is applicable because of a receiver type mismatch:
val Icons.Filled.Help: ImageVector
e: file:///C:/Users/czenk/Desktop/App-Grow-Tracker/app/src/main/java/com/growtracker/app/ui/fermentation/FermentationDialogs.kt:16:40 Unresolved 
reference 'autoMirrored'.
e: file:///C:/Users/czenk/Desktop/App-Grow-Tracker/app/src/main/java/com/growtracker/app/ui/fermentation/FermentationDialogs.kt:535:74 
Unresolved reference. None of the following candidates is applicable because of a receiver type mismatch:
val Icons.Filled.ArrowBack: ImageVector
e: file:///C:/Users/czenk/Desktop/App-Grow-Tracker/app/src/main/java/com/growtracker/app/ui/fermentation/FermentationDialogs.kt:546:74 
Unresolved reference. None of the following candidates is applicable because of a receiver type mismatch:
val Icons.Filled.ArrowForward: ImageVector
e: file:///C:/Users/czenk/Desktop/App-Grow-Tracker/app/src/main/java/com/growtracker/app/ui/fermentation/FermentationScreen.kt:17:40 Unresolved 
reference 'autoMirrored'.
e: file:///C:/Users/czenk/Desktop/App-Grow-Tracker/app/src/main/java/com/growtracker/app/ui/fermentation/FermentationScreen.kt:64:73 Unresolved 
reference. None of the following candidates is applicable because of a receiver type mismatch:
val Icons.Filled.ArrowBack: ImageVector
e: file:///C:/Users/czenk/Desktop/App-Grow-Tracker/app/src/main/java/com/growtracker/app/ui/grow/GrowboxDetailScreen.kt:9:40 Unresolved 
reference 'autoMirrored'.
e: file:///C:/Users/czenk/Desktop/App-Grow-Tracker/app/src/main/java/com/growtracker/app/ui/grow/GrowboxDetailScreen.kt:53:101 Unresolved 
reference. None of the following candidates is applicable because of a receiver type mismatch:
val Icons.Filled.ArrowBack: ImageVector
e: file:///C:/Users/czenk/Desktop/App-Grow-Tracker/app/src/main/java/com/growtracker/app/ui/grow/PlantDetailScreen.kt:8:40 Unresolved reference 
'autoMirrored'.
e: file:///C:/Users/czenk/Desktop/App-Grow-Tracker/app/src/main/java/com/growtracker/app/ui/grow/PlantDetailScreen.kt:53:112 Unresolved 
reference. None of the following candidates is applicable because of a receiver type mismatch:
val Icons.Filled.ArrowBack: ImageVector
e: file:///C:/Users/czenk/Desktop/App-Grow-Tracker/app/src/main/java/com/growtracker/app/ui/grow/PlantDetailScreen.kt:69:20 Unresolved reference 
'PlantHero'.
e: file:///C:/Users/czenk/Desktop/App-Grow-Tracker/app/src/main/java/com/growtracker/app/ui/grow/PlantDetailScreen.kt:70:20 Unresolved reference 
'PlantStatsRow'.
e: file:///C:/Users/czenk/Desktop/App-Grow-Tracker/app/src/main/java/com/growtracker/app/ui/grow/PlantDetailScreen.kt:71:20 Unresolved reference 
'PlantBadgesRow'.
e: file:///C:/Users/czenk/Desktop/App-Grow-Tracker/app/src/main/java/com/growtracker/app/ui/grow/PlantDetailScreen.kt:73:20 Unresolved reference 
'EntriesSection'.
e: file:///C:/Users/czenk/Desktop/App-Grow-Tracker/app/src/main/java/com/growtracker/app/ui/grow/PlantDetailScreen.kt:194:95 Unresolved 
reference. None of the following candidates is applicable because of a receiver type mismatch:
val Icons.Filled.ArrowBack: ImageVector
e: file:///C:/Users/czenk/Desktop/App-Grow-Tracker/app/src/main/java/com/growtracker/app/ui/grow/PlantDetailScreen.kt:198:94 Unresolved 
reference. None of the following candidates is applicable because of a receiver type mismatch:
val Icons.Filled.ArrowForward: ImageVector
e: file:///C:/Users/czenk/Desktop/App-Grow-Tracker/app/src/main/java/com/growtracker/app/ui/grow/PlantDetailScreen.kt:258:5 Modifier 'private' 
is not applicable to 'local function'.
e: file:///C:/Users/czenk/Desktop/App-Grow-Tracker/app/src/main/java/com/growtracker/app/ui/grow/PlantDetailScreen.kt:304:5 Modifier 'private' 
is not applicable to 'local function'.
e: file:///C:/Users/czenk/Desktop/App-Grow-Tracker/app/src/main/java/com/growtracker/app/ui/grow/PlantDetailScreen.kt:305:24 Unresolved 
reference 'Brush'.
e: file:///C:/Users/czenk/Desktop/App-Grow-Tracker/app/src/main/java/com/growtracker/app/ui/grow/PlantDetailScreen.kt:313:58 Unresolved 
reference 'clip'.
e: file:///C:/Users/czenk/Desktop/App-Grow-Tracker/app/src/main/java/com/growtracker/app/ui/grow/PlantDetailScreen.kt:335:5 Modifier 'private' 
is not applicable to 'local function'.
e: file:///C:/Users/czenk/Desktop/App-Grow-Tracker/app/src/main/java/com/growtracker/app/ui/grow/PlantDetailScreen.kt:367:5 Modifier 'private' 
is not applicable to 'local function'.
e: file:///C:/Users/czenk/Desktop/App-Grow-Tracker/app/src/main/java/com/growtracker/app/ui/grow/PlantDetailScreen.kt:368:9 The API of this 
layout is experimental and is likely to change in the future.
e: file:///C:/Users/czenk/Desktop/App-Grow-Tracker/app/src/main/java/com/growtracker/app/ui/grow/PlantDetailScreen.kt:368:17 No parameter with 
name 'mainAxisSpacing' found.
e: file:///C:/Users/czenk/Desktop/App-Grow-Tracker/app/src/main/java/com/growtracker/app/ui/grow/PlantDetailScreen.kt:368:41 No parameter with 
name 'crossAxisSpacing' found.
e: file:///C:/Users/czenk/Desktop/App-Grow-Tracker/app/src/main/java/com/growtracker/app/ui/grow/PlantDetailScreen.kt:369:64 @Composable 
invocations can only happen from the context of a @Composable function
e: file:///C:/Users/czenk/Desktop/App-Grow-Tracker/app/src/main/java/com/growtracker/app/ui/grow/PlantDetailScreen.kt:370:64 @Composable 
invocations can only happen from the context of a @Composable function
e: file:///C:/Users/czenk/Desktop/App-Grow-Tracker/app/src/main/java/com/growtracker/app/ui/grow/PlantDetailScreen.kt:371:86 @Composable 
invocations can only happen from the context of a @Composable function
e: file:///C:/Users/czenk/Desktop/App-Grow-Tracker/app/src/main/java/com/growtracker/app/ui/grow/PlantDetailScreen.kt:374:33 Unresolved 
reference 'confirmButton'.
e: file:///C:/Users/czenk/Desktop/App-Grow-Tracker/app/src/main/java/com/growtracker/app/ui/grow/PlantDetailScreen.kt:375:37 @Composable 
invocations can only happen from the context of a @Composable function
e: file:///C:/Users/czenk/Desktop/App-Grow-Tracker/app/src/main/java/com/growtracker/app/ui/grow/PlantDetailScreen.kt:375:60 Unresolved 
reference 'showEditDialog'.
e: file:///C:/Users/czenk/Desktop/App-Grow-Tracker/app/src/main/java/com/growtracker/app/ui/grow/PlantDetailScreen.kt:375:83 Unresolved 
reference 'showEntryAction'.
e: file:///C:/Users/czenk/Desktop/App-Grow-Tracker/app/src/main/java/com/growtracker/app/ui/grow/PlantDetailScreen.kt:376:34 Syntax error: 
Unexpected tokens (use ';' to separate expressions on the same line).
e: file:///C:/Users/czenk/Desktop/App-Grow-Tracker/app/src/main/java/com/growtracker/app/ui/grow/PlantDetailScreen.kt:377:33 Unresolved 
reference 'dismissButton'.
e: file:///C:/Users/czenk/Desktop/App-Grow-Tracker/app/src/main/java/com/growtracker/app/ui/grow/PlantDetailScreen.kt:378:37 @Composable 
invocations can only happen from the context of a @Composable function
e: file:///C:/Users/czenk/Desktop/App-Grow-Tracker/app/src/main/java/com/growtracker/app/ui/grow/PlantDetailScreen.kt:380:76 Unresolved 
reference 'plantId'.
e: file:///C:/Users/czenk/Desktop/App-Grow-Tracker/app/src/main/java/com/growtracker/app/ui/grow/PlantDetailScreen.kt:380:85 Unresolved 
reference 'e'.
e: file:///C:/Users/czenk/Desktop/App-Grow-Tracker/app/src/main/java/com/growtracker/app/ui/grow/PlantDetailScreen.kt:381:41 Unresolved 
reference 'showEntryAction'.
e: file:///C:/Users/czenk/Desktop/App-Grow-Tracker/app/src/main/java/com/growtracker/app/ui/grow/PlantDetailScreen.kt:384:29 Syntax error: 
Expecting an element.
e: file:///C:/Users/czenk/Desktop/App-Grow-Tracker/app/src/main/java/com/growtracker/app/ui/grow/PlantDetailScreen.kt:385:25 Missing return 
statement.
e: file:///C:/Users/czenk/Desktop/App-Grow-Tracker/app/src/main/java/com/growtracker/app/ui/grow/PlantDetailScreen.kt:388:25 Syntax error: 
Expecting a top level declaration.
e: file:///C:/Users/czenk/Desktop/App-Grow-Tracker/app/src/main/java/com/growtracker/app/ui/grow/PlantDetailScreen.kt:388:28 Syntax error: 
Expecting a top level declaration.
e: file:///C:/Users/czenk/Desktop/App-Grow-Tracker/app/src/main/java/com/growtracker/app/ui/grow/PlantDetailScreen.kt:388:29 Syntax error: 
Expecting a top level declaration.
e: file:///C:/Users/czenk/Desktop/App-Grow-Tracker/app/src/main/java/com/growtracker/app/ui/grow/PlantDetailScreen.kt:388:43 Syntax error: 
Expecting a top level declaration.
e: file:///C:/Users/czenk/Desktop/App-Grow-Tracker/app/src/main/java/com/growtracker/app/ui/grow/PlantDetailScreen.kt:388:45 Syntax error: 
Expecting a top level declaration.
e: file:///C:/Users/czenk/Desktop/App-Grow-Tracker/app/src/main/java/com/growtracker/app/ui/grow/PlantDetailScreen.kt:388:45 Functions which 
invoke @Composable functions must be marked with the @Composable annotation
e: file:///C:/Users/czenk/Desktop/App-Grow-Tracker/app/src/main/java/com/growtracker/app/ui/grow/PlantDetailScreen.kt:388:45 Function 
declaration must have a name.
e: file:///C:/Users/czenk/Desktop/App-Grow-Tracker/app/src/main/java/com/growtracker/app/ui/grow/PlantDetailScreen.kt:389:46 Cannot infer type 
for this parameter. Please specify it explicitly.
e: file:///C:/Users/czenk/Desktop/App-Grow-Tracker/app/src/main/java/com/growtracker/app/ui/grow/PlantDetailScreen.kt:389:46 @Composable 
invocations can only happen from the context of a @Composable function
e: file:///C:/Users/czenk/Desktop/App-Grow-Tracker/app/src/main/java/com/growtracker/app/ui/grow/PlantDetailScreen.kt:389:46 Not enough 
information to infer type argument for 'T'.
e: file:///C:/Users/czenk/Desktop/App-Grow-Tracker/app/src/main/java/com/growtracker/app/ui/grow/PlantDetailScreen.kt:389:46 Cannot infer type 
for this parameter. Please specify it explicitly.
e: file:///C:/Users/czenk/Desktop/App-Grow-Tracker/app/src/main/java/com/growtracker/app/ui/grow/PlantDetailScreen.kt:389:46 Not enough 
information to infer type argument for 'T'.
e: file:///C:/Users/czenk/Desktop/App-Grow-Tracker/app/src/main/java/com/growtracker/app/ui/grow/PlantDetailScreen.kt:389:55 Cannot infer type 
for this parameter. Please specify it explicitly.
e: file:///C:/Users/czenk/Desktop/App-Grow-Tracker/app/src/main/java/com/growtracker/app/ui/grow/PlantDetailScreen.kt:389:57 Cannot infer type 
for this parameter. Please specify it explicitly.
e: file:///C:/Users/czenk/Desktop/App-Grow-Tracker/app/src/main/java/com/growtracker/app/ui/grow/PlantDetailScreen.kt:389:57 Not enough 
information to infer type argument for 'T'.
e: file:///C:/Users/czenk/Desktop/App-Grow-Tracker/app/src/main/java/com/growtracker/app/ui/grow/PlantDetailScreen.kt:389:72 Unresolved 
reference 'e'.
e: file:///C:/Users/czenk/Desktop/App-Grow-Tracker/app/src/main/java/com/growtracker/app/ui/grow/PlantDetailScreen.kt:390:46 Cannot infer type 
for this parameter. Please specify it explicitly.
e: file:///C:/Users/czenk/Desktop/App-Grow-Tracker/app/src/main/java/com/growtracker/app/ui/grow/PlantDetailScreen.kt:390:46 @Composable 
invocations can only happen from the context of a @Composable function
e: file:///C:/Users/czenk/Desktop/App-Grow-Tracker/app/src/main/java/com/growtracker/app/ui/grow/PlantDetailScreen.kt:390:46 Not enough 
information to infer type argument for 'T'.
e: file:///C:/Users/czenk/Desktop/App-Grow-Tracker/app/src/main/java/com/growtracker/app/ui/grow/PlantDetailScreen.kt:390:46 Cannot infer type 
for this parameter. Please specify it explicitly.
e: file:///C:/Users/czenk/Desktop/App-Grow-Tracker/app/src/main/java/com/growtracker/app/ui/grow/PlantDetailScreen.kt:390:46 Not enough 
information to infer type argument for 'T'.
e: file:///C:/Users/czenk/Desktop/App-Grow-Tracker/app/src/main/java/com/growtracker/app/ui/grow/PlantDetailScreen.kt:390:55 Cannot infer type 
for this parameter. Please specify it explicitly.
e: file:///C:/Users/czenk/Desktop/App-Grow-Tracker/app/src/main/java/com/growtracker/app/ui/grow/PlantDetailScreen.kt:390:57 Cannot infer type 
for this parameter. Please specify it explicitly.
e: file:///C:/Users/czenk/Desktop/App-Grow-Tracker/app/src/main/java/com/growtracker/app/ui/grow/PlantDetailScreen.kt:390:57 Not enough 
information to infer type argument for 'T'.
e: file:///C:/Users/czenk/Desktop/App-Grow-Tracker/app/src/main/java/com/growtracker/app/ui/grow/PlantDetailScreen.kt:390:72 Unresolved 
reference 'e'.
e: file:///C:/Users/czenk/Desktop/App-Grow-Tracker/app/src/main/java/com/growtracker/app/ui/grow/PlantDetailScreen.kt:391:29 @Composable 
invocations can only happen from the context of a @Composable function
e: file:///C:/Users/czenk/Desktop/App-Grow-Tracker/app/src/main/java/com/growtracker/app/ui/grow/PlantDetailScreen.kt:392:54 Unresolved 
reference 'showEditDialog'.
e: file:///C:/Users/czenk/Desktop/App-Grow-Tracker/app/src/main/java/com/growtracker/app/ui/grow/PlantDetailScreen.kt:396:108 Unresolved 
reference 'it'.
e: file:///C:/Users/czenk/Desktop/App-Grow-Tracker/app/src/main/java/com/growtracker/app/ui/grow/PlantDetailScreen.kt:396:124 @Composable 
invocations can only happen from the context of a @Composable function
e: file:///C:/Users/czenk/Desktop/App-Grow-Tracker/app/src/main/java/com/growtracker/app/ui/grow/PlantDetailScreen.kt:398:108 Unresolved 
reference 'it'.
e: file:///C:/Users/czenk/Desktop/App-Grow-Tracker/app/src/main/java/com/growtracker/app/ui/grow/PlantDetailScreen.kt:398:124 @Composable 
invocations can only happen from the context of a @Composable function
e: file:///C:/Users/czenk/Desktop/App-Grow-Tracker/app/src/main/java/com/growtracker/app/ui/grow/PlantDetailScreen.kt:403:55 Unresolved 
reference 'e'.
e: file:///C:/Users/czenk/Desktop/App-Grow-Tracker/app/src/main/java/com/growtracker/app/ui/grow/PlantDetailScreen.kt:404:74 Unresolved 
reference 'plantId'.
e: file:///C:/Users/czenk/Desktop/App-Grow-Tracker/app/src/main/java/com/growtracker/app/ui/grow/PlantDetailScreen.kt:405:41 Unresolved 
reference 'showEditDialog'.
e: file:///C:/Users/czenk/Desktop/App-Grow-Tracker/app/src/main/java/com/growtracker/app/ui/grow/PlantDetailScreen.kt:408:74 Unresolved 
reference 'showEditDialog'.
e: file:///C:/Users/czenk/Desktop/App-Grow-Tracker/app/src/main/java/com/growtracker/app/ui/grow/PlantDetailScreen.kt:411:21 Syntax error: 
Expecting a top level declaration.
e: file:///C:/Users/czenk/Desktop/App-Grow-Tracker/app/src/main/java/com/growtracker/app/ui/grow/PlantDetailScreen.kt:412:17 Syntax error: 
Expecting a top level declaration.
e: file:///C:/Users/czenk/Desktop/App-Grow-Tracker/app/src/main/java/com/growtracker/app/ui/grow/PlantDetailScreen.kt:413:13 Syntax error: 
Expecting a top level declaration.
e: file:///C:/Users/czenk/Desktop/App-Grow-Tracker/app/src/main/java/com/growtracker/app/ui/grow/PlantDetailScreen.kt:414:9 Syntax error: 
Expecting a top level declaration.
e: file:///C:/Users/czenk/Desktop/App-Grow-Tracker/app/src/main/java/com/growtracker/app/ui/grow/PlantDetailScreen.kt:416:9 Syntax error: 
Expecting a top level declaration.
e: file:///C:/Users/czenk/Desktop/App-Grow-Tracker/app/src/main/java/com/growtracker/app/ui/grow/PlantDetailScreen.kt:416:12 Syntax error: 
Expecting a top level declaration.
e: file:///C:/Users/czenk/Desktop/App-Grow-Tracker/app/src/main/java/com/growtracker/app/ui/grow/PlantDetailScreen.kt:416:13 Syntax error: 
Expecting a top level declaration.
e: file:///C:/Users/czenk/Desktop/App-Grow-Tracker/app/src/main/java/com/growtracker/app/ui/grow/PlantDetailScreen.kt:416:20 Syntax error: 
Expecting a top level declaration.
e: file:///C:/Users/czenk/Desktop/App-Grow-Tracker/app/src/main/java/com/growtracker/app/ui/grow/PlantDetailScreen.kt:416:22 Syntax error: 
Expecting a top level declaration.
e: file:///C:/Users/czenk/Desktop/App-Grow-Tracker/app/src/main/java/com/growtracker/app/ui/grow/PlantDetailScreen.kt:416:22 Functions which 
invoke @Composable functions must be marked with the @Composable annotation
e: file:///C:/Users/czenk/Desktop/App-Grow-Tracker/app/src/main/java/com/growtracker/app/ui/grow/PlantDetailScreen.kt:416:22 Function 
declaration must have a name.
e: file:///C:/Users/czenk/Desktop/App-Grow-Tracker/app/src/main/java/com/growtracker/app/ui/grow/PlantDetailScreen.kt:417:13 @Composable 
invocations can only happen from the context of a @Composable function
e: file:///C:/Users/czenk/Desktop/App-Grow-Tracker/app/src/main/java/com/growtracker/app/ui/grow/PlantDetailScreen.kt:417:40 Unresolved 
reference 'addOpen'.
e: file:///C:/Users/czenk/Desktop/App-Grow-Tracker/app/src/main/java/com/growtracker/app/ui/grow/PlantDetailScreen.kt:417:83 Unresolved 
reference 'preferredFertilizerManufacturer'.
e: file:///C:/Users/czenk/Desktop/App-Grow-Tracker/app/src/main/java/com/growtracker/app/ui/grow/PlantDetailScreen.kt:419:33 Unresolved 
reference 'selectedDate'.
e: file:///C:/Users/czenk/Desktop/App-Grow-Tracker/app/src/main/java/com/growtracker/app/ui/grow/PlantDetailScreen.kt:426:47 Unresolved 
reference 'plantId'.
e: file:///C:/Users/czenk/Desktop/App-Grow-Tracker/app/src/main/java/com/growtracker/app/ui/grow/PlantDetailScreen.kt:427:17 Unresolved 
reference 'addOpen'.
e: file:///C:/Users/czenk/Desktop/App-Grow-Tracker/app/src/main/java/com/growtracker/app/ui/grow/PlantDetailScreen.kt:428:17 Unresolved 
reference 'onEntryAdded'.
e: file:///C:/Users/czenk/Desktop/App-Grow-Tracker/app/src/main/java/com/growtracker/app/ui/grow/PlantDetailScreen.kt:431:5 Syntax error: 
Expecting a top level declaration.
e: file:///C:/Users/czenk/Desktop/App-Grow-Tracker/app/src/main/java/com/growtracker/app/ui/grow/PlantDetailScreen.kt:432:1 Syntax error: 
Expecting a top level declaration.
e: file:///C:/Users/czenk/Desktop/App-Grow-Tracker/app/src/main/java/com/growtracker/app/ui/growguide/GrowGuideScreen.kt:17:40 Unresolved 
reference 'autoMirrored'.
e: file:///C:/Users/czenk/Desktop/App-Grow-Tracker/app/src/main/java/com/growtracker/app/ui/growguide/GrowGuideScreen.kt:174:65 Unresolved 
reference. None of the following candidates is applicable because of a receiver type mismatch:
val Icons.Filled.ArrowBack: ImageVector
e: file:///C:/Users/czenk/Desktop/App-Grow-Tracker/app/src/main/java/com/growtracker/app/ui/overview/OverviewScreen.kt:13:40 Unresolved 
reference 'autoMirrored'.
e: file:///C:/Users/czenk/Desktop/App-Grow-Tracker/app/src/main/java/com/growtracker/app/ui/overview/OverviewScreen.kt:257:65 Unresolved 
reference. None of the following candidates is applicable because of a receiver type mismatch:
val Icons.Filled.ArrowForward: ImageVector
e: file:///C:/Users/czenk/Desktop/App-Grow-Tracker/app/src/main/java/com/growtracker/app/ui/settings/SettingsScreen.kt:15:40 Unresolved 
reference 'autoMirrored'.
e: file:///C:/Users/czenk/Desktop/App-Grow-Tracker/app/src/main/java/com/growtracker/app/ui/settings/SettingsScreen.kt:299:61 Unresolved 
reference. None of the following candidates is applicable because of a receiver type mismatch:
val Icons.Filled.ArrowForward: ImageVector

FAILURE: Build failed with an exception.

* What went wrong:
Execution failed for task ':app:compileDebugKotlin'.
> A failure occurred while executing org.jetbrains.kotlin.compilerRunner.GradleCompilerRunnerWithWorkers$GradleKotlinCompilerWorkAction
   > Compilation error. See log for more details

* Try:
> Run with --info or --debug option to get more log output.
> Run with --scan to get full insights.
> Get more help at https://help.gradle.org.

* Exception is:
org.gradle.api.tasks.TaskExecutionException: Execution failed for task ':app:compileDebugKotlin'.
	at org.gradle.api.internal.tasks.execution.ExecuteActionsTaskExecuter.lambda$executeIfValid$1(ExecuteActionsTaskExecuter.java:130)
	at org.gradle.internal.Try$Failure.ifSuccessfulOrElse(Try.java:293)
	at org.gradle.api.internal.tasks.execution.ExecuteActionsTaskExecuter.executeIfValid(ExecuteActionsTaskExecuter.java:128)
	at org.gradle.api.internal.tasks.execution.ExecuteActionsTaskExecuter.execute(ExecuteActionsTaskExecuter.java:116)
	at org.gradle.api.internal.tasks.execution.FinalizePropertiesTaskExecuter.execute(FinalizePropertiesTaskExecuter.java:46)
	at org.gradle.api.internal.tasks.execution.ResolveTaskExecutionModeExecuter.execute(ResolveTaskExecutionModeExecuter.java:51)
	at org.gradle.api.internal.tasks.execution.SkipTaskWithNoActionsExecuter.execute(SkipTaskWithNoActionsExecuter.java:57)
	at org.gradle.api.internal.tasks.execution.SkipOnlyIfTaskExecuter.execute(SkipOnlyIfTaskExecuter.java:74)
	at org.gradle.api.internal.tasks.execution.CatchExceptionTaskExecuter.execute(CatchExceptionTaskExecuter.java:36)
	at org.gradle.api.internal.tasks.execution.EventFiringTaskExecuter$1.executeTask(EventFiringTaskExecuter.java:77)
	at org.gradle.api.internal.tasks.execution.EventFiringTaskExecuter$1.call(EventFiringTaskExecuter.java:55)
	at org.gradle.api.internal.tasks.execution.EventFiringTaskExecuter$1.call(EventFiringTaskExecuter.java:52)
	at org.gradle.internal.operations.DefaultBuildOperationRunner$CallableBuildOperationWorker.execute(DefaultBuildOperationRunner.java:209)
	at org.gradle.internal.operations.DefaultBuildOperationRunner$CallableBuildOperationWorker.execute(DefaultBuildOperationRunner.java:204)
	at org.gradle.internal.operations.DefaultBuildOperationRunner$2.execute(DefaultBuildOperationRunner.java:66)
	at org.gradle.internal.operations.DefaultBuildOperationRunner$2.execute(DefaultBuildOperationRunner.java:59)
	at org.gradle.internal.operations.DefaultBuildOperationRunner.execute(DefaultBuildOperationRunner.java:166)
	at org.gradle.internal.operations.DefaultBuildOperationRunner.execute(DefaultBuildOperationRunner.java:59)
	at org.gradle.internal.operations.DefaultBuildOperationRunner.call(DefaultBuildOperationRunner.java:53)
	at org.gradle.api.internal.tasks.execution.EventFiringTaskExecuter.execute(EventFiringTaskExecuter.java:52)
	at org.gradle.execution.plan.LocalTaskNodeExecutor.execute(LocalTaskNodeExecutor.java:42)
	at org.gradle.execution.taskgraph.DefaultTaskExecutionGraph$InvokeNodeExecutorsAction.execute(DefaultTaskExecutionGraph.java:331)
	at org.gradle.execution.taskgraph.DefaultTaskExecutionGraph$InvokeNodeExecutorsAction.execute(DefaultTaskExecutionGraph.java:318)
	at 
org.gradle.execution.taskgraph.DefaultTaskExecutionGraph$BuildOperationAwareExecutionAction.lambda$execute$0(DefaultTaskExecutionGraph.java:314)
	at org.gradle.internal.operations.CurrentBuildOperationRef.with(CurrentBuildOperationRef.java:85)
	at org.gradle.execution.taskgraph.DefaultTaskExecutionGraph$BuildOperationAwareExecutionAction.execute(DefaultTaskExecutionGraph.java:314)
	at org.gradle.execution.taskgraph.DefaultTaskExecutionGraph$BuildOperationAwareExecutionAction.execute(DefaultTaskExecutionGraph.java:303)
	at org.gradle.execution.plan.DefaultPlanExecutor$ExecutorWorker.execute(DefaultPlanExecutor.java:459)
	at org.gradle.execution.plan.DefaultPlanExecutor$ExecutorWorker.run(DefaultPlanExecutor.java:376)
	at org.gradle.internal.concurrent.ExecutorPolicy$CatchAndRecordFailures.onExecute(ExecutorPolicy.java:64)
	at org.gradle.internal.concurrent.AbstractManagedExecutor$1.run(AbstractManagedExecutor.java:48)
Caused by: org.gradle.workers.internal.DefaultWorkerExecutor$WorkExecutionException: A failure occurred while executing 
org.jetbrains.kotlin.compilerRunner.GradleCompilerRunnerWithWorkers$GradleKotlinCompilerWorkAction
	at org.gradle.workers.internal.DefaultWorkerExecutor$WorkItemExecution.waitForCompletion(DefaultWorkerExecutor.java:287)
	at org.gradle.internal.work.DefaultAsyncWorkTracker.lambda$waitForItemsAndGatherFailures$2(DefaultAsyncWorkTracker.java:130)
	at org.gradle.internal.Factories$1.create(Factories.java:31)
	at org.gradle.internal.work.DefaultWorkerLeaseService.withoutLocks(DefaultWorkerLeaseService.java:335)
	at org.gradle.internal.work.DefaultWorkerLeaseService.withoutLocks(DefaultWorkerLeaseService.java:318)
	at org.gradle.internal.work.DefaultWorkerLeaseService.withoutLock(DefaultWorkerLeaseService.java:323)
	at org.gradle.internal.work.DefaultAsyncWorkTracker.waitForItemsAndGatherFailures(DefaultAsyncWorkTracker.java:126)
	at org.gradle.internal.work.DefaultAsyncWorkTracker.waitForItemsAndGatherFailures(DefaultAsyncWorkTracker.java:92)
	at org.gradle.internal.work.DefaultAsyncWorkTracker.waitForAll(DefaultAsyncWorkTracker.java:78)
	at org.gradle.internal.work.DefaultAsyncWorkTracker.waitForCompletion(DefaultAsyncWorkTracker.java:66)
	at org.gradle.api.internal.tasks.execution.TaskExecution$3.run(TaskExecution.java:252)
	at org.gradle.internal.operations.DefaultBuildOperationRunner$1.execute(DefaultBuildOperationRunner.java:29)
	at org.gradle.internal.operations.DefaultBuildOperationRunner$1.execute(DefaultBuildOperationRunner.java:26)
	at org.gradle.internal.operations.DefaultBuildOperationRunner$2.execute(DefaultBuildOperationRunner.java:66)
	at org.gradle.internal.operations.DefaultBuildOperationRunner$2.execute(DefaultBuildOperationRunner.java:59)
	at org.gradle.internal.operations.DefaultBuildOperationRunner.execute(DefaultBuildOperationRunner.java:166)
	at org.gradle.internal.operations.DefaultBuildOperationRunner.execute(DefaultBuildOperationRunner.java:59)
	at org.gradle.internal.operations.DefaultBuildOperationRunner.run(DefaultBuildOperationRunner.java:47)
	at org.gradle.api.internal.tasks.execution.TaskExecution.executeAction(TaskExecution.java:229)
	at org.gradle.api.internal.tasks.execution.TaskExecution.executeActions(TaskExecution.java:212)
	at org.gradle.api.internal.tasks.execution.TaskExecution.executeWithPreviousOutputFiles(TaskExecution.java:195)
	at org.gradle.api.internal.tasks.execution.TaskExecution.execute(TaskExecution.java:162)
	at org.gradle.internal.execution.steps.ExecuteStep.executeInternal(ExecuteStep.java:105)
	at org.gradle.internal.execution.steps.ExecuteStep.access$000(ExecuteStep.java:44)
	at org.gradle.internal.execution.steps.ExecuteStep$1.call(ExecuteStep.java:59)
	at org.gradle.internal.execution.steps.ExecuteStep$1.call(ExecuteStep.java:56)
	at org.gradle.internal.operations.DefaultBuildOperationRunner$CallableBuildOperationWorker.execute(DefaultBuildOperationRunner.java:209)
	at org.gradle.internal.operations.DefaultBuildOperationRunner$CallableBuildOperationWorker.execute(DefaultBuildOperationRunner.java:204)
	at org.gradle.internal.operations.DefaultBuildOperationRunner$2.execute(DefaultBuildOperationRunner.java:66)
	at org.gradle.internal.operations.DefaultBuildOperationRunner$2.execute(DefaultBuildOperationRunner.java:59)
	at org.gradle.internal.operations.DefaultBuildOperationRunner.execute(DefaultBuildOperationRunner.java:166)
	at org.gradle.internal.operations.DefaultBuildOperationRunner.execute(DefaultBuildOperationRunner.java:59)
	at org.gradle.internal.operations.DefaultBuildOperationRunner.call(DefaultBuildOperationRunner.java:53)
	at org.gradle.internal.execution.steps.ExecuteStep.execute(ExecuteStep.java:56)
	at org.gradle.internal.execution.steps.ExecuteStep.execute(ExecuteStep.java:44)
	at org.gradle.internal.execution.steps.CancelExecutionStep.execute(CancelExecutionStep.java:42)
	at org.gradle.internal.execution.steps.TimeoutStep.executeWithoutTimeout(TimeoutStep.java:75)
	at org.gradle.internal.execution.steps.TimeoutStep.execute(TimeoutStep.java:55)
	at org.gradle.internal.execution.steps.PreCreateOutputParentsStep.execute(PreCreateOutputParentsStep.java:50)
	at org.gradle.internal.execution.steps.PreCreateOutputParentsStep.execute(PreCreateOutputParentsStep.java:28)
	at org.gradle.internal.execution.steps.RemovePreviousOutputsStep.execute(RemovePreviousOutputsStep.java:67)
	at org.gradle.internal.execution.steps.RemovePreviousOutputsStep.execute(RemovePreviousOutputsStep.java:37)
	at org.gradle.internal.execution.steps.BroadcastChangingOutputsStep.execute(BroadcastChangingOutputsStep.java:61)
	at org.gradle.internal.execution.steps.BroadcastChangingOutputsStep.execute(BroadcastChangingOutputsStep.java:26)
	at org.gradle.internal.execution.steps.CaptureOutputsAfterExecutionStep.execute(CaptureOutputsAfterExecutionStep.java:69)
	at org.gradle.internal.execution.steps.CaptureOutputsAfterExecutionStep.execute(CaptureOutputsAfterExecutionStep.java:46)
	at org.gradle.internal.execution.steps.ResolveInputChangesStep.execute(ResolveInputChangesStep.java:40)
	at org.gradle.internal.execution.steps.ResolveInputChangesStep.execute(ResolveInputChangesStep.java:29)
	at org.gradle.internal.execution.steps.BuildCacheStep.executeWithoutCache(BuildCacheStep.java:189)
	at org.gradle.internal.execution.steps.BuildCacheStep.lambda$execute$1(BuildCacheStep.java:75)
	at org.gradle.internal.Either$Right.fold(Either.java:175)
	at org.gradle.internal.execution.caching.CachingState.fold(CachingState.java:62)
	at org.gradle.internal.execution.steps.BuildCacheStep.execute(BuildCacheStep.java:73)
	at org.gradle.internal.execution.steps.BuildCacheStep.execute(BuildCacheStep.java:48)
	at org.gradle.internal.execution.steps.StoreExecutionStateStep.execute(StoreExecutionStateStep.java:46)
	at org.gradle.internal.execution.steps.StoreExecutionStateStep.execute(StoreExecutionStateStep.java:35)
	at org.gradle.internal.execution.steps.SkipUpToDateStep.executeBecause(SkipUpToDateStep.java:75)
	at org.gradle.internal.execution.steps.SkipUpToDateStep.lambda$execute$2(SkipUpToDateStep.java:53)
	at org.gradle.internal.execution.steps.SkipUpToDateStep.execute(SkipUpToDateStep.java:53)
	at org.gradle.internal.execution.steps.SkipUpToDateStep.execute(SkipUpToDateStep.java:35)
	at org.gradle.internal.execution.steps.legacy.MarkSnapshottingInputsFinishedStep.execute(MarkSnapshottingInputsFinishedStep.java:37)
	at org.gradle.internal.execution.steps.legacy.MarkSnapshottingInputsFinishedStep.execute(MarkSnapshottingInputsFinishedStep.java:27)
	at org.gradle.internal.execution.steps.ResolveIncrementalCachingStateStep.executeDelegate(ResolveIncrementalCachingStateStep.java:49)
	at org.gradle.internal.execution.steps.ResolveIncrementalCachingStateStep.executeDelegate(ResolveIncrementalCachingStateStep.java:27)
	at org.gradle.internal.execution.steps.AbstractResolveCachingStateStep.execute(AbstractResolveCachingStateStep.java:71)
	at org.gradle.internal.execution.steps.AbstractResolveCachingStateStep.execute(AbstractResolveCachingStateStep.java:39)
	at org.gradle.internal.execution.steps.ResolveChangesStep.execute(ResolveChangesStep.java:65)
	at org.gradle.internal.execution.steps.ResolveChangesStep.execute(ResolveChangesStep.java:36)
	at org.gradle.internal.execution.steps.ValidateStep.execute(ValidateStep.java:107)
	at org.gradle.internal.execution.steps.ValidateStep.execute(ValidateStep.java:56)
	at org.gradle.internal.execution.steps.AbstractCaptureStateBeforeExecutionStep.execute(AbstractCaptureStateBeforeExecutionStep.java:64)
	at org.gradle.internal.execution.steps.AbstractCaptureStateBeforeExecutionStep.execute(AbstractCaptureStateBeforeExecutionStep.java:43)
	at org.gradle.internal.execution.steps.AbstractSkipEmptyWorkStep.executeWithNonEmptySources(AbstractSkipEmptyWorkStep.java:125)
	at org.gradle.internal.execution.steps.AbstractSkipEmptyWorkStep.execute(AbstractSkipEmptyWorkStep.java:61)
	at org.gradle.internal.execution.steps.AbstractSkipEmptyWorkStep.execute(AbstractSkipEmptyWorkStep.java:36)
	at org.gradle.internal.execution.steps.legacy.MarkSnapshottingInputsStartedStep.execute(MarkSnapshottingInputsStartedStep.java:38)
	at org.gradle.internal.execution.steps.LoadPreviousExecutionStateStep.execute(LoadPreviousExecutionStateStep.java:36)
	at org.gradle.internal.execution.steps.LoadPreviousExecutionStateStep.execute(LoadPreviousExecutionStateStep.java:23)
	at org.gradle.internal.execution.steps.HandleStaleOutputsStep.execute(HandleStaleOutputsStep.java:75)
	at org.gradle.internal.execution.steps.HandleStaleOutputsStep.execute(HandleStaleOutputsStep.java:41)
	at org.gradle.internal.execution.steps.AssignMutableWorkspaceStep.lambda$execute$0(AssignMutableWorkspaceStep.java:35)
	at org.gradle.api.internal.tasks.execution.TaskExecution$4.withWorkspace(TaskExecution.java:289)
	at org.gradle.internal.execution.steps.AssignMutableWorkspaceStep.execute(AssignMutableWorkspaceStep.java:31)
	at org.gradle.internal.execution.steps.AssignMutableWorkspaceStep.execute(AssignMutableWorkspaceStep.java:22)
	at org.gradle.internal.execution.steps.ChoosePipelineStep.execute(ChoosePipelineStep.java:40)
	at org.gradle.internal.execution.steps.ChoosePipelineStep.execute(ChoosePipelineStep.java:23)
	at org.gradle.internal.execution.steps.ExecuteWorkBuildOperationFiringStep.lambda$execute$2(ExecuteWorkBuildOperationFiringStep.java:67)
	at org.gradle.internal.execution.steps.ExecuteWorkBuildOperationFiringStep.execute(ExecuteWorkBuildOperationFiringStep.java:67)
	at org.gradle.internal.execution.steps.ExecuteWorkBuildOperationFiringStep.execute(ExecuteWorkBuildOperationFiringStep.java:39)
	at org.gradle.internal.execution.steps.IdentityCacheStep.execute(IdentityCacheStep.java:46)
	at org.gradle.internal.execution.steps.IdentityCacheStep.execute(IdentityCacheStep.java:34)
	at org.gradle.internal.execution.steps.IdentifyStep.execute(IdentifyStep.java:48)
	at org.gradle.internal.execution.steps.IdentifyStep.execute(IdentifyStep.java:35)
	at org.gradle.internal.execution.impl.DefaultExecutionEngine$1.execute(DefaultExecutionEngine.java:61)
	at org.gradle.api.internal.tasks.execution.ExecuteActionsTaskExecuter.executeIfValid(ExecuteActionsTaskExecuter.java:127)
	at org.gradle.api.internal.tasks.execution.ExecuteActionsTaskExecuter.execute(ExecuteActionsTaskExecuter.java:116)
	at org.gradle.api.internal.tasks.execution.FinalizePropertiesTaskExecuter.execute(FinalizePropertiesTaskExecuter.java:46)
	at org.gradle.api.internal.tasks.execution.ResolveTaskExecutionModeExecuter.execute(ResolveTaskExecutionModeExecuter.java:51)
	at org.gradle.api.internal.tasks.execution.SkipTaskWithNoActionsExecuter.execute(SkipTaskWithNoActionsExecuter.java:57)
	at org.gradle.api.internal.tasks.execution.SkipOnlyIfTaskExecuter.execute(SkipOnlyIfTaskExecuter.java:74)
	at org.gradle.api.internal.tasks.execution.CatchExceptionTaskExecuter.execute(CatchExceptionTaskExecuter.java:36)
	at org.gradle.api.internal.tasks.execution.EventFiringTaskExecuter$1.executeTask(EventFiringTaskExecuter.java:77)
	at org.gradle.api.internal.tasks.execution.EventFiringTaskExecuter$1.call(EventFiringTaskExecuter.java:55)
	at org.gradle.api.internal.tasks.execution.EventFiringTaskExecuter$1.call(EventFiringTaskExecuter.java:52)
	at org.gradle.internal.operations.DefaultBuildOperationRunner$CallableBuildOperationWorker.execute(DefaultBuildOperationRunner.java:209)
	at org.gradle.internal.operations.DefaultBuildOperationRunner$CallableBuildOperationWorker.execute(DefaultBuildOperationRunner.java:204)
	at org.gradle.internal.operations.DefaultBuildOperationRunner$2.execute(DefaultBuildOperationRunner.java:66)
	at org.gradle.internal.operations.DefaultBuildOperationRunner$2.execute(DefaultBuildOperationRunner.java:59)
	at org.gradle.internal.operations.DefaultBuildOperationRunner.execute(DefaultBuildOperationRunner.java:166)
	at org.gradle.internal.operations.DefaultBuildOperationRunner.execute(DefaultBuildOperationRunner.java:59)
	at org.gradle.internal.operations.DefaultBuildOperationRunner.call(DefaultBuildOperationRunner.java:53)
	at org.gradle.api.internal.tasks.execution.EventFiringTaskExecuter.execute(EventFiringTaskExecuter.java:52)
	at org.gradle.execution.plan.LocalTaskNodeExecutor.execute(LocalTaskNodeExecutor.java:42)
	at org.gradle.execution.taskgraph.DefaultTaskExecutionGraph$InvokeNodeExecutorsAction.execute(DefaultTaskExecutionGraph.java:331)
	at org.gradle.execution.taskgraph.DefaultTaskExecutionGraph$InvokeNodeExecutorsAction.execute(DefaultTaskExecutionGraph.java:318)
	at 
org.gradle.execution.taskgraph.DefaultTaskExecutionGraph$BuildOperationAwareExecutionAction.lambda$execute$0(DefaultTaskExecutionGraph.java:314)
15 actionable tasks: 5 executed, 10 up-to-date
	at org.gradle.internal.operations.CurrentBuildOperationRef.with(CurrentBuildOperationRef.java:85)
	at org.gradle.execution.taskgraph.DefaultTaskExecutionGraph$BuildOperationAwareExecutionAction.execute(DefaultTaskExecutionGraph.java:314)
	at org.gradle.execution.taskgraph.DefaultTaskExecutionGraph$BuildOperationAwareExecutionAction.execute(DefaultTaskExecutionGraph.java:303)
	at org.gradle.execution.plan.DefaultPlanExecutor$ExecutorWorker.execute(DefaultPlanExecutor.java:459)
	at org.gradle.execution.plan.DefaultPlanExecutor$ExecutorWorker.run(DefaultPlanExecutor.java:376)
	at org.gradle.internal.concurrent.ExecutorPolicy$CatchAndRecordFailures.onExecute(ExecutorPolicy.java:64)
	at org.gradle.internal.concurrent.AbstractManagedExecutor$1.run(AbstractManagedExecutor.java:48)
Caused by: org.jetbrains.kotlin.gradle.tasks.CompilationErrorException: Compilation error. See log for more details
	at org.jetbrains.kotlin.gradle.tasks.TasksUtilsKt.throwExceptionIfCompilationFailed(tasksUtils.kt:21)
	at org.jetbrains.kotlin.compilerRunner.GradleKotlinCompilerWork.run(GradleKotlinCompilerWork.kt:119)
	at 
org.jetbrains.kotlin.compilerRunner.GradleCompilerRunnerWithWorkers$GradleKotlinCompilerWorkAction.execute(GradleCompilerRunnerWithWorkers.kt:76)
	at org.gradle.workers.internal.DefaultWorkerServer.execute(DefaultWorkerServer.java:63)
	at org.gradle.workers.internal.NoIsolationWorkerFactory$1$1.create(NoIsolationWorkerFactory.java:66)
	at org.gradle.workers.internal.NoIsolationWorkerFactory$1$1.create(NoIsolationWorkerFactory.java:62)
	at org.gradle.internal.classloader.ClassLoaderUtils.executeInClassloader(ClassLoaderUtils.java:100)
	at org.gradle.workers.internal.NoIsolationWorkerFactory$1.lambda$execute$0(NoIsolationWorkerFactory.java:62)
	at org.gradle.workers.internal.AbstractWorker$1.call(AbstractWorker.java:44)
	at org.gradle.workers.internal.AbstractWorker$1.call(AbstractWorker.java:41)
	at org.gradle.internal.operations.DefaultBuildOperationRunner$CallableBuildOperationWorker.execute(DefaultBuildOperationRunner.java:209)
	at org.gradle.internal.operations.DefaultBuildOperationRunner$CallableBuildOperationWorker.execute(DefaultBuildOperationRunner.java:204)
	at org.gradle.internal.operations.DefaultBuildOperationRunner$2.execute(DefaultBuildOperationRunner.java:66)
	at org.gradle.internal.operations.DefaultBuildOperationRunner$2.execute(DefaultBuildOperationRunner.java:59)
	at org.gradle.internal.operations.DefaultBuildOperationRunner.execute(DefaultBuildOperationRunner.java:166)
	at org.gradle.internal.operations.DefaultBuildOperationRunner.execute(DefaultBuildOperationRunner.java:59)
	at org.gradle.internal.operations.DefaultBuildOperationRunner.call(DefaultBuildOperationRunner.java:53)
	at org.gradle.workers.internal.AbstractWorker.executeWrappedInBuildOperation(AbstractWorker.java:41)
	at org.gradle.workers.internal.NoIsolationWorkerFactory$1.execute(NoIsolationWorkerFactory.java:59)
	at org.gradle.workers.internal.DefaultWorkerExecutor.lambda$submitWork$0(DefaultWorkerExecutor.java:174)
	at org.gradle.internal.work.DefaultConditionalExecutionQueue$ExecutionRunner.runExecution(DefaultConditionalExecutionQueue.java:194)
	at org.gradle.internal.work.DefaultConditionalExecutionQueue$ExecutionRunner.access$700(DefaultConditionalExecutionQueue.java:127)
	at org.gradle.internal.work.DefaultConditionalExecutionQueue$ExecutionRunner$1.run(DefaultConditionalExecutionQueue.java:169)
	at org.gradle.internal.Factories$1.create(Factories.java:31)
	at org.gradle.internal.work.DefaultWorkerLeaseService.withLocks(DefaultWorkerLeaseService.java:263)
	at org.gradle.internal.work.DefaultWorkerLeaseService.runAsWorkerThread(DefaultWorkerLeaseService.java:127)
	at org.gradle.internal.work.DefaultWorkerLeaseService.runAsWorkerThread(DefaultWorkerLeaseService.java:132)
	at org.gradle.internal.work.DefaultConditionalExecutionQueue$ExecutionRunner.runBatch(DefaultConditionalExecutionQueue.java:164)
	at org.gradle.internal.work.DefaultConditionalExecutionQueue$ExecutionRunner.run(DefaultConditionalExecutionQueue.java:133)
	... 2 more


BUILD FAILED in 13s
